root=/scratch/gpfs/ROSENGROUP/common/qm9
filelist=/scratch/gpfs/ROSENGROUP/common/qm9/qm9_filelist.txt
n_samples=133880
sample_csv=scripts/qm9_residual_stats/qm9_residual_sample_metrics.csv
summary_json=scripts/qm9_residual_stats/qm9_residual_summary.json
sample pass: processed 500/133880 (0.4%); elapsed=0.1m; eta=27.4m
sample pass: processed 1000/133880 (0.7%); elapsed=0.2m; eta=25.3m
sample pass: processed 1500/133880 (1.1%); elapsed=0.3m; eta=25.8m
sample pass: processed 2000/133880 (1.5%); elapsed=0.4m; eta=26.1m
sample pass: processed 2500/133880 (1.9%); elapsed=0.6m; eta=29.6m
sample pass: processed 3000/133880 (2.2%); elapsed=0.7m; eta=29.4m
sample pass: processed 3500/133880 (2.6%); elapsed=0.8m; eta=29.0m
sample pass: processed 4000/133880 (3.0%); elapsed=0.9m; eta=28.3m
sample pass: processed 4500/133880 (3.4%); elapsed=1.0m; eta=28.0m
sample pass: processed 5000/133880 (3.7%); elapsed=1.1m; eta=28.9m
sample pass: processed 5500/133880 (4.1%); elapsed=1.2m; eta=28.4m
sample pass: processed 6000/133880 (4.5%); elapsed=1.3m; eta=28.5m
sample pass: processed 6500/133880 (4.9%); elapsed=1.5m; eta=28.7m
sample pass: processed 7000/133880 (5.2%); elapsed=1.7m; eta=29.9m
sample pass: processed 7500/133880 (5.6%); elapsed=1.8m; eta=30.0m
sample pass: processed 8000/133880 (6.0%); elapsed=1.9m; eta=29.9m
sample pass: processed 8500/133880 (6.3%); elapsed=2.0m; eta=30.0m
sample pass: processed 9000/133880 (6.7%); elapsed=2.2m; eta=30.4m
sample pass: processed 9500/133880 (7.1%); elapsed=2.3m; eta=30.4m
sample pass: processed 10000/133880 (7.5%); elapsed=2.4m; eta=30.3m
sample pass: processed 10500/133880 (7.8%); elapsed=2.6m; eta=30.3m
sample pass: processed 11000/133880 (8.2%); elapsed=2.8m; eta=30.8m
sample pass: processed 11500/133880 (8.6%); elapsed=2.9m; eta=30.6m
sample pass: processed 12000/133880 (9.0%); elapsed=3.0m; eta=30.4m
sample pass: processed 12500/133880 (9.3%); elapsed=3.1m; eta=30.3m
sample pass: processed 13000/133880 (9.7%); elapsed=3.3m; eta=30.8m
sample pass: processed 13500/133880 (10.1%); elapsed=3.4m; eta=30.6m
sample pass: processed 14000/133880 (10.5%); elapsed=3.6m; eta=30.5m
sample pass: processed 14500/133880 (10.8%); elapsed=3.7m; eta=30.7m
sample pass: processed 15000/133880 (11.2%); elapsed=3.9m; eta=30.6m
sample pass: processed 15500/133880 (11.6%); elapsed=4.0m; eta=30.6m
sample pass: processed 16000/133880 (12.0%); elapsed=4.1m; eta=30.4m
sample pass: processed 16500/133880 (12.3%); elapsed=4.3m; eta=30.6m
sample pass: processed 17000/133880 (12.7%); elapsed=4.4m; eta=30.3m
sample pass: processed 17500/133880 (13.1%); elapsed=4.5m; eta=30.0m
sample pass: processed 18000/133880 (13.4%); elapsed=4.6m; eta=29.9m
sample pass: processed 18500/133880 (13.8%); elapsed=4.8m; eta=30.0m
sample pass: processed 19000/133880 (14.2%); elapsed=4.9m; eta=29.8m
sample pass: processed 19500/133880 (14.6%); elapsed=5.0m; eta=29.6m
sample pass: processed 20000/133880 (14.9%); elapsed=5.2m; eta=29.4m
sample pass: processed 20500/133880 (15.3%); elapsed=5.3m; eta=29.4m
sample pass: processed 21000/133880 (15.7%); elapsed=5.4m; eta=29.2m
sample pass: processed 21500/133880 (16.1%); elapsed=5.5m; eta=28.9m
sample pass: processed 22000/133880 (16.4%); elapsed=5.6m; eta=28.5m
sample pass: processed 22500/133880 (16.8%); elapsed=5.7m; eta=28.5m
sample pass: processed 23000/133880 (17.2%); elapsed=5.9m; eta=28.6m
sample pass: processed 23500/133880 (17.6%); elapsed=6.1m; eta=28.5m
sample pass: processed 24000/133880 (17.9%); elapsed=6.2m; eta=28.2m
sample pass: processed 24500/133880 (18.3%); elapsed=6.3m; eta=28.1m
sample pass: processed 25000/133880 (18.7%); elapsed=6.4m; eta=28.0m
sample pass: processed 25500/133880 (19.0%); elapsed=6.5m; eta=27.8m
sample pass: processed 26000/133880 (19.4%); elapsed=6.6m; eta=27.6m
sample pass: processed 26500/133880 (19.8%); elapsed=6.8m; eta=27.5m
sample pass: processed 27000/133880 (20.2%); elapsed=7.0m; eta=27.5m
sample pass: processed 27500/133880 (20.5%); elapsed=7.1m; eta=27.3m
sample pass: processed 28000/133880 (20.9%); elapsed=7.2m; eta=27.0m
sample pass: processed 28500/133880 (21.3%); elapsed=7.3m; eta=26.8m
sample pass: processed 29000/133880 (21.7%); elapsed=7.4m; eta=26.6m
sample pass: processed 29500/133880 (22.0%); elapsed=7.5m; eta=26.7m
sample pass: processed 30000/133880 (22.4%); elapsed=7.7m; eta=26.5m
sample pass: processed 30500/133880 (22.8%); elapsed=7.8m; eta=26.5m
sample pass: processed 31000/133880 (23.2%); elapsed=7.9m; eta=26.4m
sample pass: processed 31500/133880 (23.5%); elapsed=8.1m; eta=26.4m
sample pass: processed 32000/133880 (23.9%); elapsed=8.3m; eta=26.3m
sample pass: processed 32500/133880 (24.3%); elapsed=8.4m; eta=26.1m
sample pass: processed 33000/133880 (24.6%); elapsed=8.6m; eta=26.2m
sample pass: processed 33500/133880 (25.0%); elapsed=8.7m; eta=26.1m
sample pass: processed 34000/133880 (25.4%); elapsed=8.9m; eta=26.0m
sample pass: processed 34500/133880 (25.8%); elapsed=9.0m; eta=25.9m
sample pass: processed 35000/133880 (26.1%); elapsed=9.2m; eta=25.9m
sample pass: processed 35500/133880 (26.5%); elapsed=9.3m; eta=25.8m
sample pass: processed 36000/133880 (26.9%); elapsed=9.5m; eta=25.7m
sample pass: processed 36500/133880 (27.3%); elapsed=9.6m; eta=25.7m
sample pass: processed 37000/133880 (27.6%); elapsed=9.8m; eta=25.6m
sample pass: processed 37500/133880 (28.0%); elapsed=9.9m; eta=25.5m
sample pass: processed 38000/133880 (28.4%); elapsed=10.0m; eta=25.3m
sample pass: processed 38500/133880 (28.8%); elapsed=10.2m; eta=25.3m
sample pass: processed 39000/133880 (29.1%); elapsed=10.3m; eta=25.2m
sample pass: processed 39500/133880 (29.5%); elapsed=10.5m; eta=25.0m
sample pass: processed 40000/133880 (29.9%); elapsed=10.6m; eta=24.9m
sample pass: processed 40500/133880 (30.3%); elapsed=10.8m; eta=24.9m
sample pass: processed 41000/133880 (30.6%); elapsed=10.9m; eta=24.8m
sample pass: processed 41500/133880 (31.0%); elapsed=11.1m; eta=24.7m
sample pass: processed 42000/133880 (31.4%); elapsed=11.3m; eta=24.6m
sample pass: processed 42500/133880 (31.7%); elapsed=11.4m; eta=24.5m
sample pass: processed 43000/133880 (32.1%); elapsed=11.5m; eta=24.3m
sample pass: processed 43500/133880 (32.5%); elapsed=11.6m; eta=24.2m
sample pass: processed 44000/133880 (32.9%); elapsed=11.8m; eta=24.2m
sample pass: processed 44500/133880 (33.2%); elapsed=12.0m; eta=24.0m
sample pass: processed 45000/133880 (33.6%); elapsed=12.1m; eta=24.0m
sample pass: processed 45500/133880 (34.0%); elapsed=12.3m; eta=23.8m
sample pass: processed 46000/133880 (34.4%); elapsed=12.4m; eta=23.8m
sample pass: processed 46500/133880 (34.7%); elapsed=12.6m; eta=23.6m
sample pass: processed 47000/133880 (35.1%); elapsed=12.7m; eta=23.5m
sample pass: processed 47500/133880 (35.5%); elapsed=12.8m; eta=23.3m
sample pass: processed 48000/133880 (35.9%); elapsed=13.0m; eta=23.3m
sample pass: processed 48500/133880 (36.2%); elapsed=13.1m; eta=23.1m
sample pass: processed 49000/133880 (36.6%); elapsed=13.3m; eta=23.0m
sample pass: processed 49500/133880 (37.0%); elapsed=13.4m; eta=22.8m
sample pass: processed 50000/133880 (37.3%); elapsed=13.6m; eta=22.8m
sample pass: processed 50500/133880 (37.7%); elapsed=13.7m; eta=22.6m
sample pass: processed 51000/133880 (38.1%); elapsed=13.8m; eta=22.5m
sample pass: processed 51500/133880 (38.5%); elapsed=14.0m; eta=22.3m
sample pass: processed 52000/133880 (38.8%); elapsed=14.1m; eta=22.3m
sample pass: processed 52500/133880 (39.2%); elapsed=14.3m; eta=22.1m
sample pass: processed 53000/133880 (39.6%); elapsed=14.4m; eta=22.0m
sample pass: processed 53500/133880 (40.0%); elapsed=14.6m; eta=22.0m
sample pass: processed 54000/133880 (40.3%); elapsed=14.8m; eta=21.9m
sample pass: processed 54500/133880 (40.7%); elapsed=14.9m; eta=21.7m
sample pass: processed 55000/133880 (41.1%); elapsed=15.1m; eta=21.7m
sample pass: processed 55500/133880 (41.5%); elapsed=15.2m; eta=21.5m
sample pass: processed 56000/133880 (41.8%); elapsed=15.4m; eta=21.4m
sample pass: processed 56500/133880 (42.2%); elapsed=15.5m; eta=21.3m
sample pass: processed 57000/133880 (42.6%); elapsed=15.7m; eta=21.2m
sample pass: processed 57500/133880 (42.9%); elapsed=15.9m; eta=21.1m
sample pass: processed 58000/133880 (43.3%); elapsed=16.0m; eta=21.0m
sample pass: processed 58500/133880 (43.7%); elapsed=16.2m; eta=20.9m
sample pass: processed 59000/133880 (44.1%); elapsed=16.4m; eta=20.8m
sample pass: processed 59500/133880 (44.4%); elapsed=16.5m; eta=20.7m
sample pass: processed 60000/133880 (44.8%); elapsed=16.7m; eta=20.6m
sample pass: processed 60500/133880 (45.2%); elapsed=16.9m; eta=20.5m
sample pass: processed 61000/133880 (45.6%); elapsed=17.0m; eta=20.3m
sample pass: processed 61500/133880 (45.9%); elapsed=17.2m; eta=20.2m
sample pass: processed 62000/133880 (46.3%); elapsed=17.4m; eta=20.1m
sample pass: processed 62500/133880 (46.7%); elapsed=17.5m; eta=20.0m
sample pass: processed 63000/133880 (47.1%); elapsed=17.7m; eta=19.9m
sample pass: processed 63500/133880 (47.4%); elapsed=17.8m; eta=19.8m
sample pass: processed 64000/133880 (47.8%); elapsed=18.0m; eta=19.6m
sample pass: processed 64500/133880 (48.2%); elapsed=18.1m; eta=19.5m
sample pass: processed 65000/133880 (48.6%); elapsed=18.3m; eta=19.4m
sample pass: processed 65500/133880 (48.9%); elapsed=18.5m; eta=19.3m
sample pass: processed 66000/133880 (49.3%); elapsed=18.6m; eta=19.1m
sample pass: processed 66500/133880 (49.7%); elapsed=18.7m; eta=19.0m
sample pass: processed 67000/133880 (50.0%); elapsed=18.9m; eta=18.9m
sample pass: processed 67500/133880 (50.4%); elapsed=19.0m; eta=18.7m
sample pass: processed 68000/133880 (50.8%); elapsed=19.2m; eta=18.6m
sample pass: processed 68500/133880 (51.2%); elapsed=19.3m; eta=18.4m
sample pass: processed 69000/133880 (51.5%); elapsed=19.5m; eta=18.3m
sample pass: processed 69500/133880 (51.9%); elapsed=19.6m; eta=18.2m
sample pass: processed 70000/133880 (52.3%); elapsed=19.7m; eta=18.0m
sample pass: processed 70500/133880 (52.7%); elapsed=19.9m; eta=17.9m
sample pass: processed 71000/133880 (53.0%); elapsed=20.1m; eta=17.8m
sample pass: processed 71500/133880 (53.4%); elapsed=20.2m; eta=17.6m
sample pass: processed 72000/133880 (53.8%); elapsed=20.3m; eta=17.5m
sample pass: processed 72500/133880 (54.2%); elapsed=20.5m; eta=17.4m
sample pass: processed 73000/133880 (54.5%); elapsed=20.7m; eta=17.2m
sample pass: processed 73500/133880 (54.9%); elapsed=20.8m; eta=17.1m
sample pass: processed 74000/133880 (55.3%); elapsed=20.9m; eta=16.9m
sample pass: processed 74500/133880 (55.6%); elapsed=21.1m; eta=16.8m
sample pass: processed 75000/133880 (56.0%); elapsed=21.3m; eta=16.7m
sample pass: processed 75500/133880 (56.4%); elapsed=21.4m; eta=16.5m
sample pass: processed 76000/133880 (56.8%); elapsed=21.5m; eta=16.4m
sample pass: processed 76500/133880 (57.1%); elapsed=21.7m; eta=16.3m
sample pass: processed 77000/133880 (57.5%); elapsed=21.9m; eta=16.1m
sample pass: processed 77500/133880 (57.9%); elapsed=22.0m; eta=16.0m
sample pass: processed 78000/133880 (58.3%); elapsed=22.2m; eta=15.9m
sample pass: processed 78500/133880 (58.6%); elapsed=22.3m; eta=15.7m
sample pass: processed 79000/133880 (59.0%); elapsed=22.5m; eta=15.6m
sample pass: processed 79500/133880 (59.4%); elapsed=22.6m; eta=15.4m
sample pass: processed 80000/133880 (59.8%); elapsed=22.8m; eta=15.3m
sample pass: processed 80500/133880 (60.1%); elapsed=22.9m; eta=15.2m
sample pass: processed 81000/133880 (60.5%); elapsed=23.0m; eta=15.0m
sample pass: processed 81500/133880 (60.9%); elapsed=23.1m; eta=14.9m
sample pass: processed 82000/133880 (61.2%); elapsed=23.3m; eta=14.8m
sample pass: processed 82500/133880 (61.6%); elapsed=23.5m; eta=14.6m
sample pass: processed 83000/133880 (62.0%); elapsed=23.6m; eta=14.5m
sample pass: processed 83500/133880 (62.4%); elapsed=23.7m; eta=14.3m
sample pass: processed 84000/133880 (62.7%); elapsed=23.9m; eta=14.2m
sample pass: processed 84500/133880 (63.1%); elapsed=24.0m; eta=14.0m
sample pass: processed 85000/133880 (63.5%); elapsed=24.1m; eta=13.9m
sample pass: processed 85500/133880 (63.9%); elapsed=24.3m; eta=13.8m
sample pass: processed 86000/133880 (64.2%); elapsed=24.4m; eta=13.6m
sample pass: processed 86500/133880 (64.6%); elapsed=24.6m; eta=13.5m
sample pass: processed 87000/133880 (65.0%); elapsed=24.8m; eta=13.4m
sample pass: processed 87500/133880 (65.4%); elapsed=24.9m; eta=13.2m
sample pass: processed 88000/133880 (65.7%); elapsed=25.0m; eta=13.1m
sample pass: processed 88500/133880 (66.1%); elapsed=25.2m; eta=12.9m
sample pass: processed 89000/133880 (66.5%); elapsed=25.4m; eta=12.8m
sample pass: processed 89500/133880 (66.9%); elapsed=25.5m; eta=12.7m
sample pass: processed 90000/133880 (67.2%); elapsed=25.7m; eta=12.5m
sample pass: processed 90500/133880 (67.6%); elapsed=25.9m; eta=12.4m
sample pass: processed 91000/133880 (68.0%); elapsed=26.0m; eta=12.2m
sample pass: processed 91500/133880 (68.3%); elapsed=26.1m; eta=12.1m
sample pass: processed 92000/133880 (68.7%); elapsed=26.3m; eta=12.0m
sample pass: processed 92500/133880 (69.1%); elapsed=26.4m; eta=11.8m
sample pass: processed 93000/133880 (69.5%); elapsed=26.6m; eta=11.7m
sample pass: processed 93500/133880 (69.8%); elapsed=26.7m; eta=11.5m
sample pass: processed 94000/133880 (70.2%); elapsed=26.9m; eta=11.4m
sample pass: processed 94500/133880 (70.6%); elapsed=27.0m; eta=11.3m
sample pass: processed 95000/133880 (71.0%); elapsed=27.2m; eta=11.1m
sample pass: processed 95500/133880 (71.3%); elapsed=27.3m; eta=11.0m
sample pass: processed 96000/133880 (71.7%); elapsed=27.5m; eta=10.9m
sample pass: processed 96500/133880 (72.1%); elapsed=27.6m; eta=10.7m
sample pass: processed 97000/133880 (72.5%); elapsed=27.8m; eta=10.6m
sample pass: processed 97500/133880 (72.8%); elapsed=27.9m; eta=10.4m
sample pass: processed 98000/133880 (73.2%); elapsed=28.2m; eta=10.3m
sample pass: processed 98500/133880 (73.6%); elapsed=28.3m; eta=10.2m
sample pass: processed 99000/133880 (73.9%); elapsed=28.4m; eta=10.0m
sample pass: processed 99500/133880 (74.3%); elapsed=28.7m; eta=9.9m
sample pass: processed 100000/133880 (74.7%); elapsed=28.8m; eta=9.8m
sample pass: processed 100500/133880 (75.1%); elapsed=29.0m; eta=9.6m
sample pass: processed 101000/133880 (75.4%); elapsed=29.2m; eta=9.5m
sample pass: processed 101500/133880 (75.8%); elapsed=29.3m; eta=9.3m
sample pass: processed 102000/133880 (76.2%); elapsed=29.5m; eta=9.2m
sample pass: processed 102500/133880 (76.6%); elapsed=29.7m; eta=9.1m
sample pass: processed 103000/133880 (76.9%); elapsed=29.8m; eta=8.9m
sample pass: processed 103500/133880 (77.3%); elapsed=30.0m; eta=8.8m
sample pass: processed 104000/133880 (77.7%); elapsed=30.2m; eta=8.7m
sample pass: processed 104500/133880 (78.1%); elapsed=30.3m; eta=8.5m
sample pass: processed 105000/133880 (78.4%); elapsed=30.4m; eta=8.4m
sample pass: processed 105500/133880 (78.8%); elapsed=30.6m; eta=8.2m
sample pass: processed 106000/133880 (79.2%); elapsed=30.8m; eta=8.1m
sample pass: processed 106500/133880 (79.5%); elapsed=30.9m; eta=7.9m
sample pass: processed 107000/133880 (79.9%); elapsed=31.1m; eta=7.8m
sample pass: processed 107500/133880 (80.3%); elapsed=31.3m; eta=7.7m
sample pass: processed 108000/133880 (80.7%); elapsed=31.4m; eta=7.5m
sample pass: processed 108500/133880 (81.0%); elapsed=31.5m; eta=7.4m
sample pass: processed 109000/133880 (81.4%); elapsed=31.7m; eta=7.2m
sample pass: processed 109500/133880 (81.8%); elapsed=31.9m; eta=7.1m
sample pass: processed 110000/133880 (82.2%); elapsed=32.0m; eta=7.0m
sample pass: processed 110500/133880 (82.5%); elapsed=32.2m; eta=6.8m
sample pass: processed 111000/133880 (82.9%); elapsed=32.3m; eta=6.7m
sample pass: processed 111500/133880 (83.3%); elapsed=32.5m; eta=6.5m
sample pass: processed 112000/133880 (83.7%); elapsed=32.6m; eta=6.4m
sample pass: processed 112500/133880 (84.0%); elapsed=32.8m; eta=6.2m
sample pass: processed 113000/133880 (84.4%); elapsed=32.9m; eta=6.1m
sample pass: processed 113500/133880 (84.8%); elapsed=33.1m; eta=5.9m
sample pass: processed 114000/133880 (85.2%); elapsed=33.3m; eta=5.8m
sample pass: processed 114500/133880 (85.5%); elapsed=33.4m; eta=5.7m
sample pass: processed 115000/133880 (85.9%); elapsed=33.6m; eta=5.5m
sample pass: processed 115500/133880 (86.3%); elapsed=33.7m; eta=5.4m
sample pass: processed 116000/133880 (86.6%); elapsed=33.9m; eta=5.2m
sample pass: processed 116500/133880 (87.0%); elapsed=34.1m; eta=5.1m
sample pass: processed 117000/133880 (87.4%); elapsed=34.3m; eta=4.9m
sample pass: processed 117500/133880 (87.8%); elapsed=34.5m; eta=4.8m
sample pass: processed 118000/133880 (88.1%); elapsed=34.7m; eta=4.7m
sample pass: processed 118500/133880 (88.5%); elapsed=34.8m; eta=4.5m
sample pass: processed 119000/133880 (88.9%); elapsed=35.0m; eta=4.4m
sample pass: processed 119500/133880 (89.3%); elapsed=35.2m; eta=4.2m
sample pass: processed 120000/133880 (89.6%); elapsed=35.3m; eta=4.1m
sample pass: processed 120500/133880 (90.0%); elapsed=35.5m; eta=3.9m
sample pass: processed 121000/133880 (90.4%); elapsed=35.7m; eta=3.8m
sample pass: processed 121500/133880 (90.8%); elapsed=35.9m; eta=3.7m
sample pass: processed 122000/133880 (91.1%); elapsed=36.0m; eta=3.5m
sample pass: processed 122500/133880 (91.5%); elapsed=36.3m; eta=3.4m
sample pass: processed 123000/133880 (91.9%); elapsed=36.5m; eta=3.2m
sample pass: processed 123500/133880 (92.2%); elapsed=36.7m; eta=3.1m
sample pass: processed 124000/133880 (92.6%); elapsed=36.8m; eta=2.9m
sample pass: processed 124500/133880 (93.0%); elapsed=36.9m; eta=2.8m
sample pass: processed 125000/133880 (93.4%); elapsed=37.0m; eta=2.6m
sample pass: processed 125500/133880 (93.7%); elapsed=37.1m; eta=2.5m
sample pass: processed 126000/133880 (94.1%); elapsed=37.3m; eta=2.3m
sample pass: processed 126500/133880 (94.5%); elapsed=37.5m; eta=2.2m
sample pass: processed 127000/133880 (94.9%); elapsed=37.6m; eta=2.0m
sample pass: processed 127500/133880 (95.2%); elapsed=37.8m; eta=1.9m
sample pass: processed 128000/133880 (95.6%); elapsed=37.9m; eta=1.7m
sample pass: processed 128500/133880 (96.0%); elapsed=38.0m; eta=1.6m
sample pass: processed 129000/133880 (96.4%); elapsed=38.1m; eta=1.4m
sample pass: processed 129500/133880 (96.7%); elapsed=38.2m; eta=1.3m
sample pass: processed 130000/133880 (97.1%); elapsed=38.4m; eta=1.1m
sample pass: processed 130500/133880 (97.5%); elapsed=38.5m; eta=1.0m
sample pass: processed 131000/133880 (97.8%); elapsed=38.6m; eta=0.8m
sample pass: processed 131500/133880 (98.2%); elapsed=38.7m; eta=0.7m
sample pass: processed 132000/133880 (98.6%); elapsed=38.9m; eta=0.6m
sample pass: processed 132500/133880 (99.0%); elapsed=39.0m; eta=0.4m
sample pass: processed 133000/133880 (99.3%); elapsed=39.0m; eta=0.3m
sample pass: processed 133500/133880 (99.7%); elapsed=39.1m; eta=0.1m
sample pass: processed 133880/133880 (100.0%); elapsed=39.2m; eta=0.0m
histogram pass: bins=4096, range=(-2.1192637543669504, 2.5068523260565954)
histogram pass: processed 500/133880 (0.4%); elapsed=0.1m; eta=34.7m
histogram pass: processed 1000/133880 (0.7%); elapsed=0.3m; eta=37.9m
histogram pass: processed 1500/133880 (1.1%); elapsed=0.4m; eta=34.9m
histogram pass: processed 2000/133880 (1.5%); elapsed=0.5m; eta=33.6m
histogram pass: processed 2500/133880 (1.9%); elapsed=0.6m; eta=32.7m
histogram pass: processed 3000/133880 (2.2%); elapsed=0.8m; eta=34.4m
histogram pass: processed 3500/133880 (2.6%); elapsed=0.9m; eta=33.2m
histogram pass: processed 4000/133880 (3.0%); elapsed=1.0m; eta=32.0m
histogram pass: processed 4500/133880 (3.4%); elapsed=1.1m; eta=31.4m
histogram pass: processed 5000/133880 (3.7%); elapsed=1.2m; eta=30.9m
histogram pass: processed 5500/133880 (4.1%); elapsed=1.4m; eta=31.5m
histogram pass: processed 6000/133880 (4.5%); elapsed=1.5m; eta=31.3m
histogram pass: processed 6500/133880 (4.9%); elapsed=1.6m; eta=31.4m
histogram pass: processed 7000/133880 (5.2%); elapsed=1.7m; eta=31.6m
histogram pass: processed 7500/133880 (5.6%); elapsed=1.9m; eta=32.4m
histogram pass: processed 8000/133880 (6.0%); elapsed=2.0m; eta=32.1m
histogram pass: processed 8500/133880 (6.3%); elapsed=2.2m; eta=31.9m
histogram pass: processed 9000/133880 (6.7%); elapsed=2.3m; eta=31.8m
histogram pass: processed 9500/133880 (7.1%); elapsed=2.5m; eta=32.3m
histogram pass: processed 10000/133880 (7.5%); elapsed=2.6m; eta=32.2m
histogram pass: processed 10500/133880 (7.8%); elapsed=2.7m; eta=32.1m
histogram pass: processed 11000/133880 (8.2%); elapsed=2.9m; eta=32.7m
histogram pass: processed 11500/133880 (8.6%); elapsed=3.0m; eta=32.4m
histogram pass: processed 12000/133880 (9.0%); elapsed=3.2m; eta=32.2m
histogram pass: processed 12500/133880 (9.3%); elapsed=3.3m; eta=32.0m
histogram pass: processed 13000/133880 (9.7%); elapsed=3.5m; eta=32.3m
histogram pass: processed 13500/133880 (10.1%); elapsed=3.6m; eta=32.2m
histogram pass: processed 14000/133880 (10.5%); elapsed=3.7m; eta=32.0m
histogram pass: processed 14500/133880 (10.8%); elapsed=3.9m; eta=31.8m
histogram pass: processed 15000/133880 (11.2%); elapsed=4.1m; eta=32.1m
histogram pass: processed 15500/133880 (11.6%); elapsed=4.2m; eta=32.0m
histogram pass: processed 16000/133880 (12.0%); elapsed=4.3m; eta=31.9m
histogram pass: processed 16500/133880 (12.3%); elapsed=4.4m; eta=31.6m
histogram pass: processed 17000/133880 (12.7%); elapsed=4.6m; eta=31.6m
histogram pass: processed 17500/133880 (13.1%); elapsed=4.7m; eta=31.4m
histogram pass: processed 18000/133880 (13.4%); elapsed=4.8m; eta=31.2m
histogram pass: processed 18500/133880 (13.8%); elapsed=5.0m; eta=31.0m
histogram pass: processed 19000/133880 (14.2%); elapsed=5.1m; eta=31.1m
histogram pass: processed 19500/133880 (14.6%); elapsed=5.3m; eta=30.8m
histogram pass: processed 20000/133880 (14.9%); elapsed=5.4m; eta=30.6m
histogram pass: processed 20500/133880 (15.3%); elapsed=5.5m; eta=30.4m
histogram pass: processed 21000/133880 (15.7%); elapsed=5.7m; eta=30.4m
histogram pass: processed 21500/133880 (16.1%); elapsed=5.8m; eta=30.1m
histogram pass: processed 22000/133880 (16.4%); elapsed=5.9m; eta=29.8m
histogram pass: processed 22500/133880 (16.8%); elapsed=6.0m; eta=29.7m
histogram pass: processed 23000/133880 (17.2%); elapsed=6.2m; eta=30.0m
histogram pass: processed 23500/133880 (17.6%); elapsed=6.4m; eta=29.8m
histogram pass: processed 24000/133880 (17.9%); elapsed=6.5m; eta=29.5m
histogram pass: processed 24500/133880 (18.3%); elapsed=6.6m; eta=29.4m
histogram pass: processed 25000/133880 (18.7%); elapsed=6.7m; eta=29.1m
histogram pass: processed 25500/133880 (19.0%); elapsed=6.9m; eta=29.2m
histogram pass: processed 26000/133880 (19.4%); elapsed=7.0m; eta=28.9m
histogram pass: processed 26500/133880 (19.8%); elapsed=7.1m; eta=28.8m
histogram pass: processed 27000/133880 (20.2%); elapsed=7.2m; eta=28.6m
histogram pass: processed 27500/133880 (20.5%); elapsed=7.4m; eta=28.6m
histogram pass: processed 28000/133880 (20.9%); elapsed=7.5m; eta=28.3m
histogram pass: processed 28500/133880 (21.3%); elapsed=7.6m; eta=28.1m
histogram pass: processed 29000/133880 (21.7%); elapsed=7.7m; eta=27.8m
histogram pass: processed 29500/133880 (22.0%); elapsed=7.8m; eta=27.6m
histogram pass: processed 30000/133880 (22.4%); elapsed=8.0m; eta=27.6m
histogram pass: processed 30500/133880 (22.8%); elapsed=8.1m; eta=27.5m
histogram pass: processed 31000/133880 (23.2%); elapsed=8.2m; eta=27.4m
histogram pass: processed 31500/133880 (23.5%); elapsed=8.4m; eta=27.4m
histogram pass: processed 32000/133880 (23.9%); elapsed=8.6m; eta=27.3m
histogram pass: processed 32500/133880 (24.3%); elapsed=8.7m; eta=27.1m
histogram pass: processed 33000/133880 (24.6%); elapsed=8.8m; eta=27.0m
histogram pass: processed 33500/133880 (25.0%); elapsed=9.0m; eta=27.0m
histogram pass: processed 34000/133880 (25.4%); elapsed=9.2m; eta=26.9m
histogram pass: processed 34500/133880 (25.8%); elapsed=9.3m; eta=26.8m
histogram pass: processed 35000/133880 (26.1%); elapsed=9.5m; eta=26.9m
histogram pass: processed 35500/133880 (26.5%); elapsed=9.6m; eta=26.7m
histogram pass: processed 36000/133880 (26.9%); elapsed=9.8m; eta=26.6m
histogram pass: processed 36500/133880 (27.3%); elapsed=9.9m; eta=26.5m
histogram pass: processed 37000/133880 (27.6%); elapsed=10.1m; eta=26.6m
histogram pass: processed 37500/133880 (28.0%); elapsed=10.3m; eta=26.4m
histogram pass: processed 38000/133880 (28.4%); elapsed=10.4m; eta=26.2m
histogram pass: processed 38500/133880 (28.8%); elapsed=10.5m; eta=26.1m
histogram pass: processed 39000/133880 (29.1%); elapsed=10.7m; eta=26.0m
histogram pass: processed 39500/133880 (29.5%); elapsed=10.8m; eta=25.9m
histogram pass: processed 40000/133880 (29.9%); elapsed=11.0m; eta=25.7m
histogram pass: processed 40500/133880 (30.3%); elapsed=11.1m; eta=25.7m
histogram pass: processed 41000/133880 (30.6%); elapsed=11.3m; eta=25.6m
histogram pass: processed 41500/133880 (31.0%); elapsed=11.4m; eta=25.4m
histogram pass: processed 42000/133880 (31.4%); elapsed=11.5m; eta=25.2m
histogram pass: processed 42500/133880 (31.7%); elapsed=11.7m; eta=25.2m
histogram pass: processed 43000/133880 (32.1%); elapsed=11.8m; eta=25.0m
histogram pass: processed 43500/133880 (32.5%); elapsed=11.9m; eta=24.8m
histogram pass: processed 44000/133880 (32.9%); elapsed=12.1m; eta=24.7m
histogram pass: processed 44500/133880 (33.2%); elapsed=12.3m; eta=24.6m
histogram pass: processed 45000/133880 (33.6%); elapsed=12.4m; eta=24.4m
histogram pass: processed 45500/133880 (34.0%); elapsed=12.5m; eta=24.3m
histogram pass: processed 46000/133880 (34.4%); elapsed=12.6m; eta=24.1m
histogram pass: processed 46500/133880 (34.7%); elapsed=12.8m; eta=24.1m
histogram pass: processed 47000/133880 (35.1%); elapsed=12.9m; eta=23.9m
histogram pass: processed 47500/133880 (35.5%); elapsed=13.1m; eta=23.8m
histogram pass: processed 48000/133880 (35.9%); elapsed=13.2m; eta=23.6m
histogram pass: processed 48500/133880 (36.2%); elapsed=13.4m; eta=23.6m
histogram pass: processed 49000/133880 (36.6%); elapsed=13.5m; eta=23.4m
histogram pass: processed 49500/133880 (37.0%); elapsed=13.6m; eta=23.2m
histogram pass: processed 50000/133880 (37.3%); elapsed=13.8m; eta=23.1m
histogram pass: processed 50500/133880 (37.7%); elapsed=13.9m; eta=23.0m
histogram pass: processed 51000/133880 (38.1%); elapsed=14.1m; eta=22.9m
histogram pass: processed 51500/133880 (38.5%); elapsed=14.2m; eta=22.7m
histogram pass: processed 52000/133880 (38.8%); elapsed=14.4m; eta=22.7m
histogram pass: processed 52500/133880 (39.2%); elapsed=14.6m; eta=22.6m
histogram pass: processed 53000/133880 (39.6%); elapsed=14.7m; eta=22.4m
histogram pass: processed 53500/133880 (40.0%); elapsed=14.9m; eta=22.3m
histogram pass: processed 54000/133880 (40.3%); elapsed=15.0m; eta=22.2m
histogram pass: processed 54500/133880 (40.7%); elapsed=15.2m; eta=22.1m
histogram pass: processed 55000/133880 (41.1%); elapsed=15.3m; eta=21.9m
histogram pass: processed 55500/133880 (41.5%); elapsed=15.5m; eta=21.9m
histogram pass: processed 56000/133880 (41.8%); elapsed=15.6m; eta=21.7m
histogram pass: processed 56500/133880 (42.2%); elapsed=15.8m; eta=21.6m
histogram pass: processed 57000/133880 (42.6%); elapsed=15.9m; eta=21.4m
histogram pass: processed 57500/133880 (42.9%); elapsed=16.1m; eta=21.4m
histogram pass: processed 58000/133880 (43.3%); elapsed=16.3m; eta=21.3m
histogram pass: processed 58500/133880 (43.7%); elapsed=16.4m; eta=21.2m
histogram pass: processed 59000/133880 (44.1%); elapsed=16.6m; eta=21.1m
histogram pass: processed 59500/133880 (44.4%); elapsed=16.8m; eta=21.0m
histogram pass: processed 60000/133880 (44.8%); elapsed=16.9m; eta=20.9m
histogram pass: processed 60500/133880 (45.2%); elapsed=17.2m; eta=20.8m
histogram pass: processed 61000/133880 (45.6%); elapsed=17.3m; eta=20.7m
histogram pass: processed 61500/133880 (45.9%); elapsed=17.4m; eta=20.5m
histogram pass: processed 62000/133880 (46.3%); elapsed=17.7m; eta=20.5m
histogram pass: processed 62500/133880 (46.7%); elapsed=17.8m; eta=20.3m
histogram pass: processed 63000/133880 (47.1%); elapsed=17.9m; eta=20.2m
histogram pass: processed 63500/133880 (47.4%); elapsed=18.1m; eta=20.0m
histogram pass: processed 64000/133880 (47.8%); elapsed=18.3m; eta=19.9m
histogram pass: processed 64500/133880 (48.2%); elapsed=18.4m; eta=19.8m
histogram pass: processed 65000/133880 (48.6%); elapsed=18.5m; eta=19.6m
histogram pass: processed 65500/133880 (48.9%); elapsed=18.7m; eta=19.6m
histogram pass: processed 66000/133880 (49.3%); elapsed=18.9m; eta=19.4m
histogram pass: processed 66500/133880 (49.7%); elapsed=19.0m; eta=19.2m
histogram pass: processed 67000/133880 (50.0%); elapsed=19.1m; eta=19.1m
histogram pass: processed 67500/133880 (50.4%); elapsed=19.3m; eta=19.0m
histogram pass: processed 68000/133880 (50.8%); elapsed=19.4m; eta=18.8m
histogram pass: processed 68500/133880 (51.2%); elapsed=19.6m; eta=18.7m
histogram pass: processed 69000/133880 (51.5%); elapsed=19.7m; eta=18.5m
histogram pass: processed 69500/133880 (51.9%); elapsed=19.9m; eta=18.4m
histogram pass: processed 70000/133880 (52.3%); elapsed=20.0m; eta=18.3m
histogram pass: processed 70500/133880 (52.7%); elapsed=20.2m; eta=18.1m
histogram pass: processed 71000/133880 (53.0%); elapsed=20.4m; eta=18.0m
histogram pass: processed 71500/133880 (53.4%); elapsed=20.5m; eta=17.9m
histogram pass: processed 72000/133880 (53.8%); elapsed=20.6m; eta=17.7m
histogram pass: processed 72500/133880 (54.2%); elapsed=20.8m; eta=17.6m
histogram pass: processed 73000/133880 (54.5%); elapsed=20.9m; eta=17.5m
histogram pass: processed 73500/133880 (54.9%); elapsed=21.1m; eta=17.3m
histogram pass: processed 74000/133880 (55.3%); elapsed=21.2m; eta=17.1m
histogram pass: processed 74500/133880 (55.6%); elapsed=21.3m; eta=17.0m
histogram pass: processed 75000/133880 (56.0%); elapsed=21.5m; eta=16.9m
histogram pass: processed 75500/133880 (56.4%); elapsed=21.6m; eta=16.7m
histogram pass: processed 76000/133880 (56.8%); elapsed=21.8m; eta=16.6m
histogram pass: processed 76500/133880 (57.1%); elapsed=22.0m; eta=16.5m
histogram pass: processed 77000/133880 (57.5%); elapsed=22.1m; eta=16.3m
histogram pass: processed 77500/133880 (57.9%); elapsed=22.2m; eta=16.2m
histogram pass: processed 78000/133880 (58.3%); elapsed=22.4m; eta=16.0m
histogram pass: processed 78500/133880 (58.6%); elapsed=22.5m; eta=15.9m
histogram pass: processed 79000/133880 (59.0%); elapsed=22.7m; eta=15.8m
histogram pass: processed 79500/133880 (59.4%); elapsed=22.8m; eta=15.6m
histogram pass: processed 80000/133880 (59.8%); elapsed=22.9m; eta=15.4m
histogram pass: processed 80500/133880 (60.1%); elapsed=23.1m; eta=15.3m
histogram pass: processed 81000/133880 (60.5%); elapsed=23.3m; eta=15.2m
histogram pass: processed 81500/133880 (60.9%); elapsed=23.4m; eta=15.0m
histogram pass: processed 82000/133880 (61.2%); elapsed=23.5m; eta=14.9m
histogram pass: processed 82500/133880 (61.6%); elapsed=23.7m; eta=14.8m
histogram pass: processed 83000/133880 (62.0%); elapsed=23.8m; eta=14.6m
histogram pass: processed 83500/133880 (62.4%); elapsed=24.0m; eta=14.5m
histogram pass: processed 84000/133880 (62.7%); elapsed=24.1m; eta=14.3m
histogram pass: processed 84500/133880 (63.1%); elapsed=24.3m; eta=14.2m
histogram pass: processed 85000/133880 (63.5%); elapsed=24.4m; eta=14.0m
histogram pass: processed 85500/133880 (63.9%); elapsed=24.5m; eta=13.9m
histogram pass: processed 86000/133880 (64.2%); elapsed=24.7m; eta=13.8m
histogram pass: processed 86500/133880 (64.6%); elapsed=24.9m; eta=13.6m
histogram pass: processed 87000/133880 (65.0%); elapsed=25.0m; eta=13.5m
histogram pass: processed 87500/133880 (65.4%); elapsed=25.2m; eta=13.4m
histogram pass: processed 88000/133880 (65.7%); elapsed=25.4m; eta=13.2m
histogram pass: processed 88500/133880 (66.1%); elapsed=25.5m; eta=13.1m
histogram pass: processed 89000/133880 (66.5%); elapsed=25.6m; eta=12.9m
histogram pass: processed 89500/133880 (66.9%); elapsed=25.8m; eta=12.8m
histogram pass: processed 90000/133880 (67.2%); elapsed=26.0m; eta=12.7m
histogram pass: processed 90500/133880 (67.6%); elapsed=26.1m; eta=12.5m
histogram pass: processed 91000/133880 (68.0%); elapsed=26.3m; eta=12.4m
histogram pass: processed 91500/133880 (68.3%); elapsed=26.4m; eta=12.2m
histogram pass: processed 92000/133880 (68.7%); elapsed=26.6m; eta=12.1m
histogram pass: processed 92500/133880 (69.1%); elapsed=26.7m; eta=11.9m
histogram pass: processed 93000/133880 (69.5%); elapsed=26.9m; eta=11.8m
histogram pass: processed 93500/133880 (69.8%); elapsed=27.0m; eta=11.7m
histogram pass: processed 94000/133880 (70.2%); elapsed=27.2m; eta=11.5m
histogram pass: processed 94500/133880 (70.6%); elapsed=27.3m; eta=11.4m
histogram pass: processed 95000/133880 (71.0%); elapsed=27.5m; eta=11.3m
histogram pass: processed 95500/133880 (71.3%); elapsed=27.7m; eta=11.1m
histogram pass: processed 96000/133880 (71.7%); elapsed=27.8m; eta=11.0m
histogram pass: processed 96500/133880 (72.1%); elapsed=28.0m; eta=10.8m
histogram pass: processed 97000/133880 (72.5%); elapsed=28.1m; eta=10.7m
histogram pass: processed 97500/133880 (72.8%); elapsed=28.3m; eta=10.5m
histogram pass: processed 98000/133880 (73.2%); elapsed=28.5m; eta=10.4m
histogram pass: processed 98500/133880 (73.6%); elapsed=28.7m; eta=10.3m
histogram pass: processed 99000/133880 (73.9%); elapsed=28.8m; eta=10.1m
histogram pass: processed 99500/133880 (74.3%); elapsed=29.0m; eta=10.0m
histogram pass: processed 100000/133880 (74.7%); elapsed=29.2m; eta=9.9m
histogram pass: processed 100500/133880 (75.1%); elapsed=29.3m; eta=9.7m
histogram pass: processed 101000/133880 (75.4%); elapsed=29.5m; eta=9.6m
histogram pass: processed 101500/133880 (75.8%); elapsed=29.7m; eta=9.5m
histogram pass: processed 102000/133880 (76.2%); elapsed=29.8m; eta=9.3m
histogram pass: processed 102500/133880 (76.6%); elapsed=30.0m; eta=9.2m
histogram pass: processed 103000/133880 (76.9%); elapsed=30.2m; eta=9.0m
histogram pass: processed 103500/133880 (77.3%); elapsed=30.3m; eta=8.9m
histogram pass: processed 104000/133880 (77.7%); elapsed=30.5m; eta=8.8m
histogram pass: processed 104500/133880 (78.1%); elapsed=30.7m; eta=8.6m
histogram pass: processed 105000/133880 (78.4%); elapsed=30.8m; eta=8.5m
histogram pass: processed 105500/133880 (78.8%); elapsed=30.9m; eta=8.3m
histogram pass: processed 106000/133880 (79.2%); elapsed=31.1m; eta=8.2m
histogram pass: processed 106500/133880 (79.5%); elapsed=31.3m; eta=8.0m
histogram pass: processed 107000/133880 (79.9%); elapsed=31.4m; eta=7.9m
histogram pass: processed 107500/133880 (80.3%); elapsed=31.6m; eta=7.7m
histogram pass: processed 108000/133880 (80.7%); elapsed=31.7m; eta=7.6m
histogram pass: processed 108500/133880 (81.0%); elapsed=31.9m; eta=7.5m
histogram pass: processed 109000/133880 (81.4%); elapsed=32.0m; eta=7.3m
histogram pass: processed 109500/133880 (81.8%); elapsed=32.1m; eta=7.2m
histogram pass: processed 110000/133880 (82.2%); elapsed=32.3m; eta=7.0m
histogram pass: processed 110500/133880 (82.5%); elapsed=32.5m; eta=6.9m
histogram pass: processed 111000/133880 (82.9%); elapsed=32.6m; eta=6.7m
histogram pass: processed 111500/133880 (83.3%); elapsed=32.8m; eta=6.6m
histogram pass: processed 112000/133880 (83.7%); elapsed=33.0m; eta=6.4m
histogram pass: processed 112500/133880 (84.0%); elapsed=33.1m; eta=6.3m
histogram pass: processed 113000/133880 (84.4%); elapsed=33.2m; eta=6.1m
histogram pass: processed 113500/133880 (84.8%); elapsed=33.4m; eta=6.0m
histogram pass: processed 114000/133880 (85.2%); elapsed=33.6m; eta=5.9m
histogram pass: processed 114500/133880 (85.5%); elapsed=33.7m; eta=5.7m
histogram pass: processed 115000/133880 (85.9%); elapsed=33.9m; eta=5.6m
histogram pass: processed 115500/133880 (86.3%); elapsed=34.1m; eta=5.4m
histogram pass: processed 116000/133880 (86.6%); elapsed=34.2m; eta=5.3m
histogram pass: processed 116500/133880 (87.0%); elapsed=34.4m; eta=5.1m
histogram pass: processed 117000/133880 (87.4%); elapsed=34.6m; eta=5.0m
histogram pass: processed 117500/133880 (87.8%); elapsed=34.8m; eta=4.8m
histogram pass: processed 118000/133880 (88.1%); elapsed=35.0m; eta=4.7m
histogram pass: processed 118500/133880 (88.5%); elapsed=35.1m; eta=4.6m
histogram pass: processed 119000/133880 (88.9%); elapsed=35.3m; eta=4.4m
histogram pass: processed 119500/133880 (89.3%); elapsed=35.5m; eta=4.3m
histogram pass: processed 120000/133880 (89.6%); elapsed=35.7m; eta=4.1m
histogram pass: processed 120500/133880 (90.0%); elapsed=35.8m; eta=4.0m
histogram pass: processed 121000/133880 (90.4%); elapsed=36.0m; eta=3.8m
histogram pass: processed 121500/133880 (90.8%); elapsed=36.2m; eta=3.7m
histogram pass: processed 122000/133880 (91.1%); elapsed=36.4m; eta=3.5m
histogram pass: processed 122500/133880 (91.5%); elapsed=36.6m; eta=3.4m
histogram pass: processed 123000/133880 (91.9%); elapsed=36.8m; eta=3.3m
histogram pass: processed 123500/133880 (92.2%); elapsed=37.0m; eta=3.1m
histogram pass: processed 124000/133880 (92.6%); elapsed=37.1m; eta=3.0m
histogram pass: processed 124500/133880 (93.0%); elapsed=37.3m; eta=2.8m
histogram pass: processed 125000/133880 (93.4%); elapsed=37.4m; eta=2.7m
histogram pass: processed 125500/133880 (93.7%); elapsed=37.5m; eta=2.5m
histogram pass: processed 126000/133880 (94.1%); elapsed=37.6m; eta=2.4m
histogram pass: processed 126500/133880 (94.5%); elapsed=37.8m; eta=2.2m
histogram pass: processed 127000/133880 (94.9%); elapsed=37.9m; eta=2.1m
histogram pass: processed 127500/133880 (95.2%); elapsed=38.1m; eta=1.9m
histogram pass: processed 128000/133880 (95.6%); elapsed=38.2m; eta=1.8m
histogram pass: processed 128500/133880 (96.0%); elapsed=38.4m; eta=1.6m
histogram pass: processed 129000/133880 (96.4%); elapsed=38.5m; eta=1.5m
histogram pass: processed 129500/133880 (96.7%); elapsed=38.6m; eta=1.3m
histogram pass: processed 130000/133880 (97.1%); elapsed=38.7m; eta=1.2m
histogram pass: processed 130500/133880 (97.5%); elapsed=38.8m; eta=1.0m
histogram pass: processed 131000/133880 (97.8%); elapsed=38.9m; eta=0.9m
histogram pass: processed 131500/133880 (98.2%); elapsed=39.0m; eta=0.7m
histogram pass: processed 132000/133880 (98.6%); elapsed=39.1m; eta=0.6m
histogram pass: processed 132500/133880 (99.0%); elapsed=39.2m; eta=0.4m
histogram pass: processed 133000/133880 (99.3%); elapsed=39.4m; eta=0.3m
histogram pass: processed 133500/133880 (99.7%); elapsed=39.5m; eta=0.1m
histogram pass: processed 133880/133880 (100.0%); elapsed=39.6m; eta=0.0m
wrote scripts/qm9_residual_stats/qm9_residual_sample_metrics.csv
wrote scripts/qm9_residual_stats/qm9_residual_summary.json
wrote scripts/qm9_residual_stats/qm9_residual_histogram.npz
